Release 14.7 - xst P.20131013 (lin64)
Copyright (c) 1995-2013 Xilinx, Inc.  All rights reserved.
--> 
Parameter TMPDIR set to xst/projnav.tmp


Total REAL time to Xst completion: 1.00 secs
Total CPU time to Xst completion: 0.21 secs
 
--> 
Parameter xsthdpdir set to xst


Total REAL time to Xst completion: 1.00 secs
Total CPU time to Xst completion: 0.21 secs
 
--> 
Reading design: alu8_top.prj

TABLE OF CONTENTS
  1) Synthesis Options Summary
  2) HDL Parsing
  3) HDL Elaboration
  4) HDL Synthesis
       4.1) HDL Synthesis Report
  5) Advanced HDL Synthesis
       5.1) Advanced HDL Synthesis Report
  6) Low Level Synthesis
  7) Partition Report
  8) Design Summary
       8.1) Primitive and Black Box Usage
       8.2) Device utilization summary
       8.3) Partition Resource Summary
       8.4) Timing Report
            8.4.1) Clock Information
            8.4.2) Asynchronous Control Signals Information
            8.4.3) Timing Summary
            8.4.4) Timing Details
            8.4.5) Cross Clock Domains Report


=========================================================================
*                      Synthesis Options Summary                        *
=========================================================================
---- Source Parameters
Input File Name                    : "alu8_top.prj"
Ignore Synthesis Constraint File   : NO

---- Target Parameters
Output File Name                   : "alu8_top"
Output Format                      : NGC
Target Device                      : xc6slx4-3-tqg144

---- Source Options
Top Module Name                    : alu8_top
Automatic FSM Extraction           : YES
FSM Encoding Algorithm             : Auto
Safe Implementation                : No
FSM Style                          : LUT
RAM Extraction                     : Yes
RAM Style                          : Auto
ROM Extraction                     : Yes
Shift Register Extraction          : YES
ROM Style                          : Auto
Resource Sharing                   : YES
Asynchronous To Synchronous        : NO
Shift Register Minimum Size        : 2
Use DSP Block                      : Auto
Automatic Register Balancing       : No

---- Target Options
LUT Combining                      : Auto
Reduce Control Sets                : Auto
Add IO Buffers                     : YES
Global Maximum Fanout              : 100000
Add Generic Clock Buffer(BUFG)     : 16
Register Duplication               : YES
Optimize Instantiated Primitives   : NO
Use Clock Enable                   : Auto
Use Synchronous Set                : Auto
Use Synchronous Reset              : Auto
Pack IO Registers into IOBs        : Auto
Equivalent register Removal        : YES

---- General Options
Optimization Goal                  : Speed
Optimization Effort                : 1
Power Reduction                    : NO
Keep Hierarchy                     : No
Netlist Hierarchy                  : As_Optimized
RTL Output                         : Yes
Global Optimization                : AllClockNets
Read Cores                         : YES
Write Timing Constraints           : NO
Cross Clock Analysis               : NO
Hierarchy Separator                : /
Bus Delimiter                      : <>
Case Specifier                     : Maintain
Slice Utilization Ratio            : 100
BRAM Utilization Ratio             : 100
DSP48 Utilization Ratio            : 100
Auto BRAM Packing                  : NO
Slice Utilization Ratio Delta      : 5

=========================================================================


=========================================================================
*                          HDL Parsing                                  *
=========================================================================
Parsing VHDL file "/home/ise/Alu8bit/full1.vhd" into library work
Parsing entity <full_adder>.
Parsing architecture <rtl> of entity <full_adder>.
Parsing VHDL file "/home/ise/Alu8bit/full8.vhd" into library work
Parsing entity <adder8>.
Parsing architecture <structural> of entity <adder8>.
Parsing VHDL file "/home/ise/Alu8bit/re8.vhd" into library work
Parsing entity <reg8>.
Parsing architecture <rtl> of entity <reg8>.
Parsing VHDL file "/home/ise/Alu8bit/al.vhd" into library work
Parsing entity <alu8>.
Parsing architecture <structural> of entity <alu8>.
Parsing VHDL file "/home/ise/Alu8bit/alure.vhd" into library work
Parsing entity <alu8_top>.
Parsing architecture <structural> of entity <alu8_top>.

=========================================================================
*                            HDL Elaboration                            *
=========================================================================

Elaborating entity <alu8_top> (architecture <structural>) from library <work>.

Elaborating entity <alu8> (architecture <structural>) from library <work>.

Elaborating entity <adder8> (architecture <structural>) from library <work>.

Elaborating entity <full_adder> (architecture <rtl>) from library <work>.

Elaborating entity <reg8> (architecture <rtl>) from library <work>.

=========================================================================
*                           HDL Synthesis                               *
=========================================================================

Synthesizing Unit <alu8_top>.
    Related source file is "/home/ise/Alu8bit/alure.vhd".
    Summary:
	no macro.
Unit <alu8_top> synthesized.

Synthesizing Unit <alu8>.
    Related source file is "/home/ise/Alu8bit/al.vhd".
    Found 8-bit 6-to-1 multiplexer for signal <res> created at line 43.
    Summary:
	inferred   3 Multiplexer(s).
Unit <alu8> synthesized.

Synthesizing Unit <adder8>.
    Related source file is "/home/ise/Alu8bit/full8.vhd".
    Summary:
	no macro.
Unit <adder8> synthesized.

Synthesizing Unit <full_adder>.
    Related source file is "/home/ise/Alu8bit/full1.vhd".
    Summary:
Unit <full_adder> synthesized.

Synthesizing Unit <reg8>.
    Related source file is "/home/ise/Alu8bit/re8.vhd".
    Found 8-bit register for signal <q>.
    Summary:
	inferred   8 D-type flip-flop(s).
Unit <reg8> synthesized.

=========================================================================
HDL Synthesis Report

Macro Statistics
# Registers                                            : 1
 8-bit register                                        : 1
# Multiplexers                                         : 3
 1-bit 2-to-1 multiplexer                              : 1
 8-bit 2-to-1 multiplexer                              : 1
 8-bit 6-to-1 multiplexer                              : 1
# Xors                                                 : 17
 1-bit xor2                                            : 16
 8-bit xor2                                            : 1

=========================================================================

=========================================================================
*                       Advanced HDL Synthesis                          *
=========================================================================


=========================================================================
Advanced HDL Synthesis Report

Macro Statistics
# Registers                                            : 8
 Flip-Flops                                            : 8
# Multiplexers                                         : 3
 1-bit 2-to-1 multiplexer                              : 1
 8-bit 2-to-1 multiplexer                              : 1
 8-bit 6-to-1 multiplexer                              : 1
# Xors                                                 : 17
 1-bit xor2                                            : 16
 8-bit xor2                                            : 1

=========================================================================

=========================================================================
*                         Low Level Synthesis                           *
=========================================================================

Optimizing unit <alu8_top> ...

Optimizing unit <reg8> ...

Optimizing unit <alu8> ...

Optimizing unit <adder8> ...

Mapping all equations...
Building and optimizing final netlist ...
Found area constraint ratio of 100 (+ 5) on block alu8_top, actual ratio is 2.

Final Macro Processing ...

=========================================================================
Final Register Report

Macro Statistics
# Registers                                            : 8
 Flip-Flops                                            : 8

=========================================================================

=========================================================================
*                           Partition Report                            *
=========================================================================

Partition Implementation Status
-------------------------------

  No Partitions were found in this design.

-------------------------------

=========================================================================
*                            Design Summary                             *
=========================================================================

Top Level Output File Name         : alu8_top.ngc

Primitive and Black Box Usage:
------------------------------
# BELS                             : 23
#      LUT3                        : 2
#      LUT4                        : 4
#      LUT5                        : 3
#      LUT6                        : 14
# FlipFlops/Latches                : 8
#      FDCE                        : 8
# Clock Buffers                    : 1
#      BUFGP                       : 1
# IO Buffers                       : 31
#      IBUF                        : 21
#      OBUF                        : 10

Device utilization summary:
---------------------------

Selected Device : 6slx4tqg144-3 


Slice Logic Utilization: 
 Number of Slice LUTs:                   23  out of   2400     0%  
    Number used as Logic:                23  out of   2400     0%  

Slice Logic Distribution: 
 Number of LUT Flip Flop pairs used:     23
   Number with an unused Flip Flop:      23  out of     23   100%  
   Number with an unused LUT:             0  out of     23     0%  
   Number of fully used LUT-FF pairs:     0  out of     23     0%  
   Number of unique control sets:         1

IO Utilization: 
 Number of IOs:                          32
 Number of bonded IOBs:                  32  out of    102    31%  
    IOB Flip Flops/Latches:               8

Specific Feature Utilization:
 Number of BUFG/BUFGCTRLs:                1  out of     16     6%  

---------------------------
Partition Resource Summary:
---------------------------

  No Partitions were found in this design.

---------------------------


=========================================================================
Timing Report

NOTE: THESE TIMING NUMBERS ARE ONLY A SYNTHESIS ESTIMATE.
      FOR ACCURATE TIMING INFORMATION PLEASE REFER TO THE TRACE REPORT
      GENERATED AFTER PLACE-and-ROUTE.

Clock Information:
------------------
-----------------------------------+------------------------+-------+
Clock Signal                       | Clock buffer(FF name)  | Load  |
-----------------------------------+------------------------+-------+
clk                                | BUFGP                  | 8     |
-----------------------------------+------------------------+-------+

Asynchronous Control Signals Information:
----------------------------------------
No asynchronous control signals found in this design

Timing Summary:
---------------
Speed Grade: -3

   Minimum period: No path found
   Minimum input arrival time before clock: 7.574ns
   Maximum output required time after clock: 3.597ns
   Maximum combinational path delay: 11.806ns

Timing Details:
---------------
All values displayed in nanoseconds (ns)

=========================================================================
Timing constraint: Default OFFSET IN BEFORE for Clock 'clk'
  Total number of paths / destination ports: 195 / 24
-------------------------------------------------------------------------
Offset:              7.574ns (Levels of Logic = 7)
  Source:            op<2> (PAD)
  Destination:       u_reg/q_7 (FF)
  Destination Clock: clk rising

  Data Path: op<2> to u_reg/q_7
                                Gate     Net
    Cell:in->out      fanout   Delay   Delay  Logical Name (Net Name)
    ----------------------------------------  ------------
     IBUF:I->O            13   1.222   1.161  op_2_IBUF (op_2_IBUF)
     LUT3:I0->O            7   0.205   1.021  u_alu/sub_sel<2>1 (u_alu/sub_sel)
     LUT5:I1->O            3   0.203   0.755  u_alu/u_add/gen[1].fa/cout1 (u_alu/u_add/c<2>)
     LUT6:I4->O            3   0.203   0.755  u_alu/u_add/gen[3].fa/cout1 (u_alu/u_add/c<4>)
     LUT6:I4->O            3   0.203   0.755  u_alu/u_add/gen[5].fa/cout1 (u_alu/u_add/c<6>)
     LUT6:I4->O            1   0.203   0.580  u_alu/Mmux_res81 (u_alu/Mmux_res8)
     LUT6:I5->O            2   0.205   0.000  u_alu/Mmux_res82 (alu_res<7>)
     FDCE:D                    0.102          u_reg/q_7
    ----------------------------------------
    Total                      7.574ns (2.546ns logic, 5.028ns route)
                                       (33.6% logic, 66.4% route)

=========================================================================
Timing constraint: Default OFFSET OUT AFTER for Clock 'clk'
  Total number of paths / destination ports: 8 / 8
-------------------------------------------------------------------------
Offset:              3.597ns (Levels of Logic = 1)
  Source:            u_reg/q_7 (FF)
  Destination:       q<7> (PAD)
  Source Clock:      clk rising

  Data Path: u_reg/q_7 to q<7>
                                Gate     Net
    Cell:in->out      fanout   Delay   Delay  Logical Name (Net Name)
    ----------------------------------------  ------------
     FDCE:C->Q             1   0.447   0.579  u_reg/q_7 (u_reg/q_7)
     OBUF:I->O                 2.571          q_7_OBUF (q<7>)
    ----------------------------------------
    Total                      3.597ns (3.018ns logic, 0.579ns route)
                                       (83.9% logic, 16.1% route)

=========================================================================
Timing constraint: Default path analysis
  Total number of paths / destination ports: 214 / 2
-------------------------------------------------------------------------
Delay:               11.806ns (Levels of Logic = 9)
  Source:            op<2> (PAD)
  Destination:       zero (PAD)

  Data Path: op<2> to zero
                                Gate     Net
    Cell:in->out      fanout   Delay   Delay  Logical Name (Net Name)
    ----------------------------------------  ------------
     IBUF:I->O            13   1.222   1.161  op_2_IBUF (op_2_IBUF)
     LUT3:I0->O            7   0.205   1.021  u_alu/sub_sel<2>1 (u_alu/sub_sel)
     LUT5:I1->O            3   0.203   0.755  u_alu/u_add/gen[1].fa/cout1 (u_alu/u_add/c<2>)
     LUT6:I4->O            3   0.203   0.755  u_alu/u_add/gen[3].fa/cout1 (u_alu/u_add/c<4>)
     LUT6:I4->O            3   0.203   0.755  u_alu/u_add/gen[5].fa/cout1 (u_alu/u_add/c<6>)
     LUT6:I4->O            1   0.203   0.580  u_alu/Mmux_res81 (u_alu/Mmux_res8)
     LUT6:I5->O            2   0.205   0.981  u_alu/Mmux_res82 (alu_res<7>)
     LUT6:I0->O            1   0.203   0.579  u_alu/zero<7> (zero_OBUF)
     OBUF:I->O                 2.571          zero_OBUF (zero)
    ----------------------------------------
    Total                     11.806ns (5.218ns logic, 6.588ns route)
                                       (44.2% logic, 55.8% route)

=========================================================================

Cross Clock Domains Report:
--------------------------

=========================================================================


Total REAL time to Xst completion: 50.00 secs
Total CPU time to Xst completion: 40.41 secs
 
--> 


Total memory usage is 484168 kilobytes

Number of errors   :    0 (   0 filtered)
Number of warnings :    0 (   0 filtered)
Number of infos    :    0 (   0 filtered)

