Running: /opt/Xilinx/14.7/ISE_DS/ISE/bin/lin64/unwrapped/fuse -intstyle ise -incremental -lib secureip -o /home/ise/Alu8bit/tb_alu8_isim_beh.exe -prj /home/ise/Alu8bit/tb_alu8_beh.prj work.tb_alu8 
ISim P.20131013 (signature 0xfbc00daa)
Number of CPUs detected in this system: 1
Turning on mult-threading, number of parallel sub-compilation jobs: 0 
Determining compilation order of HDL files
Parsing VHDL file "/home/ise/Alu8bit/full1.vhd" into library work
Parsing VHDL file "/home/ise/Alu8bit/full8.vhd" into library work
Parsing VHDL file "/home/ise/Alu8bit/al.vhd" into library work
Parsing VHDL file "/home/ise/Alu8bit/alutb.vhd" into library work
Starting static elaboration
Completed static elaboration
Fuse Memory Usage: 96876 KB
Fuse CPU Usage: 2330 ms
Compiling package standard
Compiling package std_logic_1164
Compiling package numeric_std
Compiling architecture rtl of entity full_adder [full_adder_default]
Compiling architecture structural of entity adder8 [adder8_default]
Compiling architecture structural of entity alu8 [alu8_default]
Compiling architecture sim of entity tb_alu8
Time Resolution for simulation is 1ps.
Compiled 10 VHDL Units
Built simulation executable /home/ise/Alu8bit/tb_alu8_isim_beh.exe
Fuse Memory Usage: 111592 KB
Fuse CPU Usage: 2680 ms
GCC CPU Usage: 5950 ms
