Running: /opt/Xilinx/14.7/ISE_DS/ISE/bin/lin64/unwrapped/fuse -intstyle ise -incremental -lib secureip -o /home/ise/r1bit/tb_d_latch_isim_beh.exe -prj /home/ise/r1bit/tb_d_latch_beh.prj work.tb_d_latch 
ISim P.20131013 (signature 0xfbc00daa)
Number of CPUs detected in this system: 1
Turning on mult-threading, number of parallel sub-compilation jobs: 0 
Determining compilation order of HDL files
Parsing VHDL file "/home/ise/r1bit/d.vhd" into library work
Parsing VHDL file "/home/ise/r1bit/tb_d_latch.vhd" into library work
Starting static elaboration
Completed static elaboration
Fuse Memory Usage: 95304 KB
Fuse CPU Usage: 2430 ms
Compiling package standard
Compiling package std_logic_1164
Compiling architecture behavioral of entity d_latch [d_latch_default]
Compiling architecture behavioral of entity tb_d_latch
Time Resolution for simulation is 1ps.
Compiled 5 VHDL Units
Built simulation executable /home/ise/r1bit/tb_d_latch_isim_beh.exe
Fuse Memory Usage: 103932 KB
Fuse CPU Usage: 2520 ms
GCC CPU Usage: 1060 ms
