
Started : "Simulate Behavioral Model".

Determining files marked for global include in the design...
Running fuse...
Command Line: fuse -intstyle ise -incremental -lib secureip -o /home/ise/r1bit/tb_register_1bit_isim_beh.exe -prj /home/ise/r1bit/tb_register_1bit_beh.prj work.tb_register_1bit {}
Running: /opt/Xilinx/14.7/ISE_DS/ISE/bin/lin64/unwrapped/fuse -intstyle ise -incremental -lib secureip -o /home/ise/r1bit/tb_register_1bit_isim_beh.exe -prj /home/ise/r1bit/tb_register_1bit_beh.prj work.tb_register_1bit 
ISim P.20131013 (signature 0xfbc00daa)
Number of CPUs detected in this system: 1
Turning on mult-threading, number of parallel sub-compilation jobs: 0 
Determining compilation order of HDL files
Parsing VHDL file "/home/ise/r1bit/d.vhd" into library work
Parsing VHDL file "/home/ise/r1bit/master_slave_dff.vhd" into library work
Parsing VHDL file "/home/ise/r1bit/register1bit.vhd" into library work
Parsing VHDL file "/home/ise/r1bit/tb_register_1bit.vhd" into library work
Starting static elaboration
Completed static elaboration
Fuse Memory Usage: 95304 KB
Fuse CPU Usage: 2400 ms
Compiling package standard
Compiling package std_logic_1164
Compiling architecture behavioral of entity d_latch [d_latch_default]
Compiling architecture structural of entity master_slave_dff [master_slave_dff_default]
Compiling architecture structural of entity register_1bit [register_1bit_default]
Compiling architecture behavioral of entity tb_register_1bit
Time Resolution for simulation is 1ps.
Compiled 9 VHDL Units
Built simulation executable /home/ise/r1bit/tb_register_1bit_isim_beh.exe
Fuse Memory Usage: 103984 KB
Fuse CPU Usage: 2500 ms
GCC CPU Usage: 1240 ms
Launching ISim simulation engine GUI...
"/home/ise/r1bit/tb_register_1bit_isim_beh.exe" -intstyle ise -gui -tclbatch isim.cmd  -wdb "/home/ise/r1bit/tb_register_1bit_isim_beh.wdb"
ISim simulation engine GUI launched successfully

Process "Simulate Behavioral Model" completed successfully
